ERROR: [download] Got error: HTTP Error 500: Internal Server Error. Giving up after 10 retries
ERROR: [youtube:truncated_id] YLdqWZ: Incomplete YouTube ID YLdqWZ. URL https://www.youtube.com/watch?v=YLdqWZ looks truncated.
ERROR: [youtube:truncated_id] Pa4wWv: Incomplete YouTube ID Pa4wWv. URL https://www.youtube.com/watch?v=Pa4wWv looks truncated.
ERROR: [youtube:truncated_id] l6O: Incomplete YouTube ID l6O. URL https://www.youtube.com/watch?v=l6O looks truncated.
ERROR: [youtube:truncated_id] 4A13Mwjf: Incomplete YouTube ID 4A13Mwjf. URL https://www.youtube.com/watch?v=4A13Mwjf looks truncated.
ERROR: [youtube:truncated_id] ylgggV: Incomplete YouTube ID ylgggV. URL https://www.youtube.com/watch?v=ylgggV looks truncated.
ERROR: [youtube:truncated_id] z9sCrHTl: Incomplete YouTube ID z9sCrHTl. URL https://www.youtube.com/watch?v=z9sCrHTl looks truncated.
ERROR: [youtube:truncated_id] uaB: Incomplete YouTube ID uaB. URL https://www.youtube.com/watch?v=uaB looks truncated.
ERROR: [youtube:truncated_id] DWczX: Incomplete YouTube ID DWczX. URL https://www.youtube.com/watch?v=DWczX looks truncated.
ERROR: [youtube:truncated_id] vF: Incomplete YouTube ID vF. URL https://www.youtube.com/watch?v=vF looks truncated.
ERROR: [youtube:truncated_id] ghoVKhz: Incomplete YouTube ID ghoVKhz. URL https://www.youtube.com/watch?v=ghoVKhz looks truncated.
ERROR: [youtube:truncated_id] 4bSP: Incomplete YouTube ID 4bSP. URL https://www.youtube.com/watch?v=4bSP looks truncated.
ERROR: [youtube:truncated_id] ziP4cx: Incomplete YouTube ID ziP4cx. URL https://www.youtube.com/watch?v=ziP4cx looks truncated.
ERROR: [youtube:truncated_id] O: Incomplete YouTube ID O. URL https://www.youtube.com/watch?v=O looks truncated.
ERROR: [youtube:truncated_id] Cn: Incomplete YouTube ID Cn. URL https://www.youtube.com/watch?v=Cn looks truncated.
ERROR: [youtube] 88cc-3jBll0: Sign in to confirm you’re not a bot. Use --cookies-from-browser or --cookies for the authentication. See  https://github.com/yt-dlp/yt-dlp/wiki/FAQ#how-do-i-pass-cookies-to-yt-dlp  for how to manually pass cookies. Also see  https://github.com/yt-dlp/yt-dlp/wiki/Extractors#exporting-youtube-cookies  for tips on effectively exporting YouTube cookies
ERROR: [youtube] p91UpSPfv1Q: Sign in to confirm you’re not a bot. Use --cookies-from-browser or --cookies for the authentication. See  https://github.com/yt-dlp/yt-dlp/wiki/FAQ#how-do-i-pass-cookies-to-yt-dlp  for how to manually pass cookies. Also see  https://github.com/yt-dlp/yt-dlp/wiki/Extractors#exporting-youtube-cookies  for tips on effectively exporting YouTube cookies
ERROR: [youtube] iYzYHxB1jdw: Sign in to confirm you’re not a bot. Use --cookies-from-browser or --cookies for the authentication. See  https://github.com/yt-dlp/yt-dlp/wiki/FAQ#how-do-i-pass-cookies-to-yt-dlp  for how to manually pass cookies. Also see  https://github.com/yt-dlp/yt-dlp/wiki/Extractors#exporting-youtube-cookies  for tips on effectively exporting YouTube cookies
ERROR: [youtube] m5mR6dvhtpg: Sign in to confirm you’re not a bot. Use --cookies-from-browser or --cookies for the authentication. See  https://github.com/yt-dlp/yt-dlp/wiki/FAQ#how-do-i-pass-cookies-to-yt-dlp  for how to manually pass cookies. Also see  https://github.com/yt-dlp/yt-dlp/wiki/Extractors#exporting-youtube-cookies  for tips on effectively exporting YouTube cookies
ERROR: [youtube] tSpDLTm5POs: Sign in to confirm you’re not a bot. Use --cookies-from-browser or --cookies for the authentication. See  https://github.com/yt-dlp/yt-dlp/wiki/FAQ#how-do-i-pass-cookies-to-yt-dlp  for how to manually pass cookies. Also see  https://github.com/yt-dlp/yt-dlp/wiki/Extractors#exporting-youtube-cookies  for tips on effectively exporting YouTube cookies
ERROR: [youtube] zELFGXP6oeA: Sign in to confirm you’re not a bot. Use --cookies-from-browser or --cookies for the authentication. See  https://github.com/yt-dlp/yt-dlp/wiki/FAQ#how-do-i-pass-cookies-to-yt-dlp  for how to manually pass cookies. Also see  https://github.com/yt-dlp/yt-dlp/wiki/Extractors#exporting-youtube-cookies  for tips on effectively exporting YouTube cookies
ERROR: [youtube] iFtcathflSw: Sign in to confirm you’re not a bot. Use --cookies-from-browser or --cookies for the authentication. See  https://github.com/yt-dlp/yt-dlp/wiki/FAQ#how-do-i-pass-cookies-to-yt-dlp  for how to manually pass cookies. Also see  https://github.com/yt-dlp/yt-dlp/wiki/Extractors#exporting-youtube-cookies  for tips on effectively exporting YouTube cookies
ERROR: [youtube] MSXf2fSobv8: Sign in to confirm you’re not a bot. Use --cookies-from-browser or --cookies for the authentication. See  https://github.com/yt-dlp/yt-dlp/wiki/FAQ#how-do-i-pass-cookies-to-yt-dlp  for how to manually pass cookies. Also see  https://github.com/yt-dlp/yt-dlp/wiki/Extractors#exporting-youtube-cookies  for tips on effectively exporting YouTube cookies
ERROR: [youtube:truncated_id] hWsH: Incomplete YouTube ID hWsH. URL https://www.youtube.com/watch?v=hWsH looks truncated.
ERROR: [youtube] Xw1F-jd21z0: Sign in to confirm you’re not a bot. Use --cookies-from-browser or --cookies for the authentication. See  https://github.com/yt-dlp/yt-dlp/wiki/FAQ#how-do-i-pass-cookies-to-yt-dlp  for how to manually pass cookies. Also see  https://github.com/yt-dlp/yt-dlp/wiki/Extractors#exporting-youtube-cookies  for tips on effectively exporting YouTube cookies
ERROR: [youtube:truncated_id] 5bTAUPOq: Incomplete YouTube ID 5bTAUPOq. URL https://www.youtube.com/watch?v=5bTAUPOq looks truncated.
ERROR: [youtube] 6JZsoJnqSxE: Sign in to confirm you’re not a bot. Use --cookies-from-browser or --cookies for the authentication. See  https://github.com/yt-dlp/yt-dlp/wiki/FAQ#how-do-i-pass-cookies-to-yt-dlp  for how to manually pass cookies. Also see  https://github.com/yt-dlp/yt-dlp/wiki/Extractors#exporting-youtube-cookies  for tips on effectively exporting YouTube cookies
